// Jest Snapshot v1, https://goo.gl/fbAQLP

exports[`Prueba de la ruta crítica de GifExpertApp No debe de generar consulta si el input no cumple los requisitos 1`] = `
<div>
  <h1>
    Gif Expert APP
  </h1>
  <form
    aria-label="form"
  >
    <input
      aria-label="inputcat"
      placeholder="buscar gifs"
      type="text"
      value=""
    />
  </form>
  <ol />
</div>
`;

exports[`Prueba de la ruta crítica de GifExpertApp No debe de generar consulta si el input no cumple los requisitos 2`] = `
<div>
  <h1>
    Gif Expert APP
  </h1>
  <form
    aria-label="form"
  >
    <input
      aria-label="inputcat"
      placeholder="buscar gifs"
      type="text"
      value=""
    />
  </form>
  <ol />
</div>
`;

exports[`Prueba de la ruta crítica de GifExpertApp Screenshot 1`] = `
<div>
  <h1>
    Gif Expert APP
  </h1>
  <form
    aria-label="form"
  >
    <input
      aria-label="inputcat"
      placeholder="buscar gifs"
      type="text"
      value=""
    />
  </form>
  <ol />
</div>
`;
