// Jest Snapshot v1, https://goo.gl/fbAQLP

exports[`Pruebas en el <GifGrid> Screenshot 1`] = `
<div>
  <div
    class="gifgrid"
  >
    <h3
      aria-label="title"
    >
      JoJo
    </h3>
    <h2>
      Cargando...
    </h2>
  </div>
</div>
`;
